// Jest Snapshot v1, https://goo.gl/fbAQLP

exports[`Pruebas en <GifGridItem /> Debe mostrar el componenete correctamente 1`] = `
<div
  className="card animate__bounceOut"
>
  <img
    alt="Un titulo"
    src="https://Una_Url"
  />
  <p>
    Un titulo
  </p>
</div>
`;
